// Jest Snapshot v1, https://goo.gl/fbAQLP

exports[`Schedule Schedule component should match the snapshot 1`] = `
<div
  className="Schedule"
>
  <h2
    className="Schedule-h2"
  >
    <span>
      Hillary
    </span>
    , here is your pairing schedule
     
    <span
      aria-label="rocket ship emoji"
      role="img"
    >
      ðŸš€
    </span>
  </h2>
  <div
    className="ScheduleCards--div"
  >
    <div>
      <h2>
        Giving help
      </h2>
      <TemplateCard
        type="giving-help"
      />
    </div>
    <div>
      <h2>
        Receiving help
      </h2>
      <TemplateCard
        type="receiving-help"
      />
    </div>
    <div>
      <h2>
        Open to pair
         
        <div
          className="Schedule--edit-icon"
          data-tip="Edit availability"
          onClick={[Function]}
        />
        <ReactTooltip
          clickable={false}
          insecure={true}
          resizeHide={true}
          wrapper="div"
        />
      </h2>
      <TemplateCard
        type="openings"
      />
    </div>
  </div>
</div>
`;
