// Jest Snapshot v1, https://goo.gl/fbAQLP

exports[`Sidebar should match the snapshot 1`] = `
<aside
  className="Sidebar"
>
  <Link
    to="/"
  >
    <h1>
      Paired
    </h1>
  </Link>
  <NavLink
    to="/schedule"
  >
    View Schedule
  </NavLink>
  <NavLink
    to="/book-pairing"
  >
    Book a Pairing
  </NavLink>
</aside>
`;
