// Jest Snapshot v1, https://goo.gl/fbAQLP

exports[`Pairings should match the snapshot 1`] = `
<div
  className="Pairings"
>
  <Connect(StudentCard)
    history={
      Object {
        "push": [MockFunction],
      }
    }
    key="5caa7eebfdebb8348e53a48d"
    student={
      Object {
        "afternoon": "",
        "id": "5caa7eebfdebb8348e53a48d",
        "lunch": "5caa7eebfdebb8348e53a4a5",
        "module": 4,
        "morning": "5caa7eebfdebb8348e53a4a4",
        "name": "Tiffany",
        "program": "FE",
        "pronouns": "she/her",
        "skills": Array [
          "react",
          "testing",
        ],
        "slack": "@tiffany",
      }
    }
  />
  <Connect(StudentCard)
    history={
      Object {
        "push": [MockFunction],
      }
    }
    key="5caa7eebfdebb8348e53a48f"
    student={
      Object {
        "afternoon": "",
        "id": "5caa7eebfdebb8348e53a48f",
        "lunch": "5caa7eebfdebb8348e58076",
        "morning": "",
        "name": "Jeo",
        "program": "FE",
        "pronouns": "he/him",
        "skills": Array [
          "graphql",
          "testing",
        ],
        "slack": "@jeo",
      }
    }
  />
</div>
`;
